=== Bot process started ===
=== Input mode: foreground ===
Loaded farm plan from farm_plan.json: 5 routes.
Found window: TaskBarHero
Input mode: foreground mouse
Preview window: off
Beep: off
Loading templates...
Templates loaded.

Controls:
  Move mouse over preview = show coordinate
  Left click / Right click = print coordinate
  S = save full screenshot
  C = save full screenshot + all region crops
  Q = quit
  N = next route
  R = reset route timer
  V = visual nav test current route

Template match threshold: 0.8


[2026-06-09 18:33:56] Brown chest detected, leave it | confidence=1.00 | location=(533, 745) | region=battle_bottom

Bot state: look_for_boss | Boss: False | Blue chest: False | Blue log: False | Looking for boss warning

[2026-06-09 18:38:12] Boss warning confirmed | region=battle_bottom | red_pixels=17403 | confidence=0.95. Blue-drop detector armed.

Bot state: look_for_blue_drop | Boss: True | Blue chest: False | Blue log: False | Boss confirmed; blue-drop detector armed

Bot state: look_for_blue_drop | Boss: False | Blue chest: False | Blue log: False | Looking for blue drop | chest_recent=False | log_recent=False

Bot state: look_for_blue_drop | Boss: False | Blue chest: False | Blue log: True | Looking for blue drop | chest_recent=False | log_recent=True

[2026-06-09 18:46:14] BLUE chest detected | confidence=0.94 | location=(502, 745) | region=battle_bottom

[2026-06-09 18:46:14] CONFIRMED BLUE DROP | reason=post_boss_blue_chest_and_log | blue_chest_recent=True | blue_log_recent=True | log_region=log_bottom | blue_pixels=200

[2026-06-09 18:46:14] Blue drop confirmed. Opening blue chest before route advance.

[2026-06-09 18:46:15] Clicking blue chest | mouse_before=(1764, 884) | local=(495, 742) | screen=(-1885, 926) | blue_box=(474,726)-(530,764) | confidence=0.94

[2026-06-09 18:46:15] Window focus warning: (183, 'SetForegroundWindow', 'Cannot create a file when that file already exists.')

[2026-06-09 18:46:17] Blue chest click completed.

[2026-06-09 18:46:17] Advanced to Route 2 | nightmare | chapter_1 | 1-9

[2026-06-09 18:46:18] Starting route navigation | target=nightmare | chapter_1 | 1-9

[2026-06-09 18:46:18] Selecting difficulty/chapter | difficulty=nightmare | chapter=chapter_1

[2026-06-09 18:46:19] Difficulty already selected | difficulty=nightmare | anchor_confidence=1.00 | center=(809, 308)

[2026-06-09 18:46:19] Chapter visual state | target=chapter_1 | current=chapter_3 | selected_center=(816, 346) | selected_confidence=1.00

[2026-06-09 18:46:19] Chapter tab candidates | target=chapter_1 | chapter_1@(688, 345):1.00 | chapter_2@(753, 346):1.00 | chapter_2@(817, 342):0.87

[2026-06-09 18:46:19] Clicking chapter tab | chapter=chapter_1 | center=(688, 345) | confidence=1.00

[2026-06-09 18:46:19] Click window point | label=chapter_1 | local=(688, 345) | screen=(-1692, 529)

[2026-06-09 18:46:20] Chapter verified | chapter=chapter_1 | confidence=1.00 | center=(689, 346)

[2026-06-09 18:46:20] Difficulty/chapter selection completed | difficulty=nightmare | chapter=chapter_1

[2026-06-09 18:46:20] NAV found level 1-9 on current view | context=before_scroll | confidence=0.97 | threshold=0.88 | center=(792, 431) | box=(777, 424)-(808, 439)

[2026-06-09 18:46:20] DOT SEARCH DEBUG | type=green | text_box=(777,424)-(808,439) | search_box=(722,382)-(775,481) | best_dot=(758, 420) | confidence=0.25 | threshold=0.65

[2026-06-09 18:46:20] DOT SEARCH DEBUG | type=white | text_box=(777,424)-(808,439) | search_box=(722,382)-(775,481) | best_dot=(760, 429) | confidence=1.00 | threshold=0.65

[2026-06-09 18:46:20] Found selectable white dot | route=1-9 | dot_center=(760, 429) | confidence=1.00

[2026-06-09 18:46:20] Click window point | label=level_dot_1-9 | local=(760, 429) | screen=(-1620, 613)

[2026-06-09 18:46:22] DOT SEARCH DEBUG | type=green_after_click | text_box=(777,424)-(808,439) | search_box=(722,382)-(775,481) | best_dot=(760, 430) | confidence=0.98 | threshold=0.65

[2026-06-09 18:46:22] NAV verified after click: level selected | route=1-9 | green_dot=(760, 430) | confidence=0.98

[2026-06-09 18:46:22] Route navigation completed for Route 2 | 1-9

[2026-06-09 18:46:22] Entering freeze window.

Bot state: freeze_after_switch | Boss: False | Blue chest: False | Blue log: False | Advanced route; freeze started

[2026-06-09 18:46:22] Brown chest detected, leave it | confidence=1.00 | location=(533, 745) | region=battle_bottom

[2026-06-09 18:46:27] Freeze ended. Now looking for boss warning.

Bot state: look_for_boss | Boss: False | Blue chest: False | Blue log: False | Looking for boss warning

Bot state: look_for_boss | Boss: False | Blue chest: False | Blue log: True | Looking for boss warning

[2026-06-09 18:49:38] Boss warning confirmed | region=battle_bottom | red_pixels=8122 | confidence=0.93. Blue-drop detector armed.

Bot state: look_for_blue_drop | Boss: True | Blue chest: False | Blue log: False | Boss confirmed; blue-drop detector armed

Bot state: look_for_blue_drop | Boss: False | Blue chest: False | Blue log: True | Looking for blue drop | chest_recent=False | log_recent=True

Bot state: look_for_blue_drop | Boss: False | Blue chest: False | Blue log: False | Looking for blue drop | chest_recent=False | log_recent=True

[2026-06-09 18:49:44] BLUE chest detected | confidence=0.80 | location=(502, 744) | region=battle_bottom

[2026-06-09 18:49:44] CONFIRMED BLUE DROP | reason=post_boss_blue_chest_and_log | blue_chest_recent=True | blue_log_recent=True | log_region=log_bottom | blue_pixels=224

[2026-06-09 18:49:44] Blue drop confirmed. Opening blue chest before route advance.

[2026-06-09 18:49:45] Clicking blue chest | mouse_before=(1426, 533) | local=(495, 741) | screen=(-1885, 925) | blue_box=(474,725)-(530,763) | confidence=0.80

[2026-06-09 18:49:46] Blue chest click completed.

[2026-06-09 18:49:47] Advanced to Route 3 | normal | chapter_3 | 3-8

[2026-06-09 18:49:48] Starting route navigation | target=normal | chapter_3 | 3-8

[2026-06-09 18:49:48] Selecting difficulty/chapter | difficulty=normal | chapter=chapter_3

[2026-06-09 18:49:48] Opening difficulty dropdown | current_anchor=nightmare | center=(809, 308) | confidence=1.00

[2026-06-09 18:49:48] Click window point | label=difficulty_anchor_open | local=(809, 308) | screen=(-1571, 492)

[2026-06-09 18:49:50] Clicking difficulty tab | difficulty=normal | center=(807, 331) | confidence=1.00

[2026-06-09 18:49:50] Click window point | label=difficulty_tab_normal | local=(807, 331) | screen=(-1573, 515)

[2026-06-09 18:49:51] Difficulty verified | difficulty=normal | anchor_confidence=1.00 | center=(807, 308)

[2026-06-09 18:49:51] Chapter visual state | target=chapter_3 | current=chapter_1 | selected_center=(689, 346) | selected_confidence=1.00

[2026-06-09 18:49:51] Chapter tab candidates | target=chapter_3 | chapter_1@(688, 341):0.90 | chapter_2@(753, 346):1.00 | chapter_3@(817, 346):0.94

[2026-06-09 18:49:51] Clicking chapter tab | chapter=chapter_3 | center=(817, 346) | confidence=0.94

[2026-06-09 18:49:51] Click window point | label=chapter_3 | local=(817, 346) | screen=(-1563, 530)

[2026-06-09 18:49:53] Chapter verified | chapter=chapter_3 | confidence=1.00 | center=(816, 346)

[2026-06-09 18:49:53] Difficulty/chapter selection completed | difficulty=normal | chapter=chapter_3

[2026-06-09 18:49:53] NAV found level 3-8 on current view | context=before_scroll | confidence=0.95 | threshold=0.88 | center=(866, 463) | box=(851, 456)-(882, 471)

[2026-06-09 18:49:53] DOT SEARCH DEBUG | type=green | text_box=(851,456)-(882,471) | search_box=(796,414)-(849,513) | best_dot=(808, 444) | confidence=0.24 | threshold=0.65

[2026-06-09 18:49:53] DOT SEARCH DEBUG | type=white | text_box=(851,456)-(882,471) | search_box=(796,414)-(849,513) | best_dot=(816, 427) | confidence=1.00 | threshold=0.65

[2026-06-09 18:49:53] Found selectable white dot | route=3-8 | dot_center=(816, 427) | confidence=1.00

[2026-06-09 18:49:53] Click window point | label=level_dot_3-8 | local=(816, 427) | screen=(-1564, 611)

[2026-06-09 18:49:55] DOT SEARCH DEBUG | type=green_after_click | text_box=(851,456)-(882,471) | search_box=(796,414)-(849,513) | best_dot=(816, 428) | confidence=0.99 | threshold=0.65

[2026-06-09 18:49:55] NAV verified after click: level selected | route=3-8 | green_dot=(816, 428) | confidence=0.99

[2026-06-09 18:49:55] Route navigation completed for Route 3 | 3-8

[2026-06-09 18:49:55] Entering freeze window.

Bot state: freeze_after_switch | Boss: False | Blue chest: False | Blue log: False | Advanced route; freeze started

[2026-06-09 18:49:55] Brown chest detected, leave it | confidence=1.00 | location=(533, 745) | region=battle_bottom

[2026-06-09 18:50:00] Freeze ended. Now looking for boss warning.

Bot state: look_for_boss | Boss: False | Blue chest: False | Blue log: False | Looking for boss warning

Bot state: look_for_boss | Boss: False | Blue chest: False | Blue log: True | Looking for boss warning

[2026-06-09 18:51:54] Boss warning confirmed | region=battle_bottom | red_pixels=7737 | confidence=0.93. Blue-drop detector armed.

Bot state: look_for_blue_drop | Boss: True | Blue chest: False | Blue log: False | Boss confirmed; blue-drop detector armed

Bot state: look_for_blue_drop | Boss: False | Blue chest: False | Blue log: True | Looking for blue drop | chest_recent=False | log_recent=True

Bot state: look_for_blue_drop | Boss: False | Blue chest: False | Blue log: False | Looking for blue drop | chest_recent=False | log_recent=True

Bot state: look_for_blue_drop | Boss: False | Blue chest: False | Blue log: True | Looking for blue drop | chest_recent=False | log_recent=True

[2026-06-09 18:51:59] BLUE chest detected | confidence=0.94 | location=(502, 745) | region=battle_bottom

[2026-06-09 18:51:59] CONFIRMED BLUE DROP | reason=post_boss_blue_chest_and_log | blue_chest_recent=True | blue_log_recent=True | log_region=log_bottom | blue_pixels=224

[2026-06-09 18:51:59] Blue drop confirmed. Opening blue chest before route advance.

[2026-06-09 18:52:00] Clicking blue chest | mouse_before=(978, 135) | local=(495, 742) | screen=(-1885, 926) | blue_box=(474,726)-(530,764) | confidence=0.94

[2026-06-09 18:52:01] Blue chest click completed.

[2026-06-09 18:52:02] Advanced to Route 4 | normal | chapter_2 | 2-8

[2026-06-09 18:52:03] Starting route navigation | target=normal | chapter_2 | 2-8

[2026-06-09 18:52:03] Selecting difficulty/chapter | difficulty=normal | chapter=chapter_2

[2026-06-09 18:52:03] Difficulty already selected | difficulty=normal | anchor_confidence=1.00 | center=(807, 308)

[2026-06-09 18:52:03] Chapter visual state | target=chapter_2 | current=chapter_3 | selected_center=(816, 346) | selected_confidence=1.00

[2026-06-09 18:52:03] Chapter tab candidates | target=chapter_2 | chapter_1@(688, 345):1.00 | chapter_2@(753, 346):1.00 | chapter_2@(817, 342):0.87

[2026-06-09 18:52:03] Clicking chapter tab | chapter=chapter_2 | center=(753, 346) | confidence=1.00

[2026-06-09 18:52:03] Click window point | label=chapter_2 | local=(753, 346) | screen=(-1627, 530)

[2026-06-09 18:52:05] Chapter verified | chapter=chapter_2 | confidence=1.00 | center=(753, 346)

[2026-06-09 18:52:05] Difficulty/chapter selection completed | difficulty=normal | chapter=chapter_2

[2026-06-09 18:52:05] NAV found level 2-8 on current view | context=before_scroll | confidence=0.95 | threshold=0.88 | center=(845, 469) | box=(830, 462)-(860, 476)

[2026-06-09 18:52:05] DOT SEARCH DEBUG | type=green | text_box=(830,462)-(860,476) | search_box=(776,423)-(828,515) | best_dot=(798, 450) | confidence=0.25 | threshold=0.65

[2026-06-09 18:52:05] DOT SEARCH DEBUG | type=white | text_box=(830,462)-(860,476) | search_box=(776,423)-(828,515) | best_dot=(812, 467) | confidence=1.00 | threshold=0.65

[2026-06-09 18:52:05] Found selectable white dot | route=2-8 | dot_center=(812, 467) | confidence=1.00

[2026-06-09 18:52:05] Click window point | label=level_dot_2-8 | local=(812, 467) | screen=(-1568, 651)

[2026-06-09 18:52:07] DOT SEARCH DEBUG | type=green_after_click | text_box=(830,462)-(860,476) | search_box=(776,423)-(828,515) | best_dot=(812, 468) | confidence=0.98 | threshold=0.65

[2026-06-09 18:52:07] NAV verified after click: level selected | route=2-8 | green_dot=(812, 468) | confidence=0.98

[2026-06-09 18:52:07] Route navigation completed for Route 4 | 2-8

[2026-06-09 18:52:07] Entering freeze window.

Bot state: freeze_after_switch | Boss: False | Blue chest: False | Blue log: False | Advanced route; freeze started

[2026-06-09 18:52:07] Brown chest detected, leave it | confidence=1.00 | location=(533, 745) | region=battle_bottom

[2026-06-09 18:52:12] Freeze ended. Now looking for boss warning.

Bot state: look_for_boss | Boss: False | Blue chest: False | Blue log: False | Looking for boss warning

Bot state: look_for_boss | Boss: False | Blue chest: False | Blue log: True | Looking for boss warning

[2026-06-09 18:53:33] Boss warning confirmed | region=battle_bottom | red_pixels=5985 | confidence=0.93. Blue-drop detector armed.

Bot state: look_for_blue_drop | Boss: True | Blue chest: False | Blue log: False | Boss confirmed; blue-drop detector armed

Bot state: look_for_blue_drop | Boss: False | Blue chest: False | Blue log: True | Looking for blue drop | chest_recent=False | log_recent=True

Bot state: look_for_blue_drop | Boss: False | Blue chest: False | Blue log: False | Looking for blue drop | chest_recent=False | log_recent=True

Bot state: look_for_blue_drop | Boss: False | Blue chest: False | Blue log: True | Looking for blue drop | chest_recent=False | log_recent=True

[2026-06-09 18:53:39] BLUE chest detected | confidence=0.94 | location=(502, 745) | region=battle_bottom

[2026-06-09 18:53:39] CONFIRMED BLUE DROP | reason=post_boss_blue_chest_and_log | blue_chest_recent=True | blue_log_recent=True | log_region=log_bottom | blue_pixels=254

[2026-06-09 18:53:39] Blue drop confirmed. Opening blue chest before route advance.

[2026-06-09 18:53:40] Clicking blue chest | mouse_before=(-1568, 651) | local=(495, 742) | screen=(-1885, 926) | blue_box=(474,726)-(530,764) | confidence=0.94

[2026-06-09 18:53:41] Blue chest click completed.

[2026-06-09 18:53:42] Advanced to Route 5 | normal | chapter_2 | 2-3

[2026-06-09 18:53:43] Starting route navigation | target=normal | chapter_2 | 2-3

[2026-06-09 18:53:43] Selecting difficulty/chapter | difficulty=normal | chapter=chapter_2

[2026-06-09 18:53:43] Difficulty already selected | difficulty=normal | anchor_confidence=1.00 | center=(807, 308)

[2026-06-09 18:53:43] Chapter visual state | target=chapter_2 | current=chapter_2 | selected_center=(753, 346) | selected_confidence=1.00

[2026-06-09 18:53:43] Chapter already selected | chapter=chapter_2 | confidence=1.00 | center=(753, 346)

[2026-06-09 18:53:43] Difficulty/chapter selection completed | difficulty=normal | chapter=chapter_2

[2026-06-09 18:53:43] NAV found level 2-3 on current view | context=before_scroll | confidence=0.94 | threshold=0.92 | center=(864, 619) | box=(849, 612)-(879, 627)

[2026-06-09 18:53:43] DOT SEARCH DEBUG | type=green | text_box=(849,612)-(879,627) | search_box=(795,570)-(847,669) | best_dot=(806, 636) | confidence=0.27 | threshold=0.65

[2026-06-09 18:53:43] DOT SEARCH DEBUG | type=white | text_box=(849,612)-(879,627) | search_box=(795,570)-(847,669) | best_dot=(832, 617) | confidence=1.00 | threshold=0.65

[2026-06-09 18:53:43] Found selectable white dot | route=2-3 | dot_center=(832, 617) | confidence=1.00

[2026-06-09 18:53:43] Click window point | label=level_dot_2-3 | local=(832, 617) | screen=(-1548, 801)

[2026-06-09 18:53:45] DOT SEARCH DEBUG | type=green_after_click | text_box=(849,612)-(879,627) | search_box=(795,570)-(847,669) | best_dot=(832, 618) | confidence=0.98 | threshold=0.65

[2026-06-09 18:53:45] NAV verified after click: level selected | route=2-3 | green_dot=(832, 618) | confidence=0.98

[2026-06-09 18:53:45] Route navigation completed for Route 5 | 2-3

[2026-06-09 18:53:45] Entering freeze window.

Bot state: freeze_after_switch | Boss: False | Blue chest: False | Blue log: False | Advanced route; freeze started

[2026-06-09 18:53:45] Brown chest detected, leave it | confidence=1.00 | location=(533, 745) | region=battle_bottom

[2026-06-09 18:53:50] Freeze ended. Now looking for boss warning.

Bot state: look_for_boss | Boss: False | Blue chest: False | Blue log: False | Looking for boss warning

Bot state: look_for_boss | Boss: False | Blue chest: False | Blue log: True | Looking for boss warning

[2026-06-09 18:55:00] Boss warning confirmed | region=battle_bottom | red_pixels=8864 | confidence=0.93. Blue-drop detector armed.

Bot state: look_for_blue_drop | Boss: True | Blue chest: False | Blue log: False | Boss confirmed; blue-drop detector armed

Bot state: look_for_blue_drop | Boss: False | Blue chest: False | Blue log: True | Looking for blue drop | chest_recent=False | log_recent=True

Bot state: look_for_blue_drop | Boss: False | Blue chest: False | Blue log: False | Looking for blue drop | chest_recent=False | log_recent=True

Bot state: look_for_blue_drop | Boss: False | Blue chest: False | Blue log: True | Looking for blue drop | chest_recent=False | log_recent=True

[2026-06-09 18:55:03] BLUE chest detected | confidence=0.94 | location=(502, 745) | region=battle_bottom

[2026-06-09 18:55:03] CONFIRMED BLUE DROP | reason=post_boss_blue_chest_and_log | blue_chest_recent=True | blue_log_recent=True | log_region=log_bottom | blue_pixels=239

[2026-06-09 18:55:03] Blue drop confirmed. Opening blue chest before route advance.

[2026-06-09 18:55:04] Clicking blue chest | mouse_before=(565, 942) | local=(495, 742) | screen=(-1885, 926) | blue_box=(474,726)-(530,764) | confidence=0.94

[2026-06-09 18:55:05] Blue chest click completed.

[2026-06-09 18:55:06] Advanced to Route 1 | nightmare | chapter_3 | 3-5

[2026-06-09 18:55:07] Starting route navigation | target=nightmare | chapter_3 | 3-5

[2026-06-09 18:55:07] Selecting difficulty/chapter | difficulty=nightmare | chapter=chapter_3

[2026-06-09 18:55:07] Opening difficulty dropdown | current_anchor=normal | center=(807, 308) | confidence=1.00

[2026-06-09 18:55:07] Click window point | label=difficulty_anchor_open | local=(807, 308) | screen=(-1573, 492)

[2026-06-09 18:55:09] Clicking difficulty tab | difficulty=nightmare | center=(807, 351) | confidence=1.00

[2026-06-09 18:55:09] Click window point | label=difficulty_tab_nightmare | local=(807, 351) | screen=(-1573, 535)

[2026-06-09 18:55:11] Difficulty verified | difficulty=nightmare | anchor_confidence=1.00 | center=(809, 308)

[2026-06-09 18:55:11] Chapter visual state | target=chapter_3 | current=chapter_2 | selected_center=(753, 346) | selected_confidence=1.00

[2026-06-09 18:55:11] Chapter tab candidates | target=chapter_3 | chapter_1@(688, 345):1.00 | chapter_2@(753, 342):0.90 | chapter_3@(817, 346):0.94

[2026-06-09 18:55:11] Clicking chapter tab | chapter=chapter_3 | center=(817, 346) | confidence=0.94

[2026-06-09 18:55:11] Click window point | label=chapter_3 | local=(817, 346) | screen=(-1563, 530)

[2026-06-09 18:55:12] Chapter verified | chapter=chapter_3 | confidence=1.00 | center=(816, 346)

[2026-06-09 18:55:12] Difficulty/chapter selection completed | difficulty=nightmare | chapter=chapter_3

[2026-06-09 18:55:13] NAV found level 3-5 on current view | context=before_scroll | confidence=0.95 | threshold=0.88 | center=(837, 537) | box=(823, 530)-(852, 545)

[2026-06-09 18:55:13] DOT SEARCH DEBUG | type=green | text_box=(823,530)-(852,545) | search_box=(771,488)-(821,587) | best_dot=(786, 550) | confidence=0.26 | threshold=0.65

[2026-06-09 18:55:13] DOT SEARCH DEBUG | type=white | text_box=(823,530)-(852,545) | search_box=(771,488)-(821,587) | best_dot=(806, 535) | confidence=1.00 | threshold=0.65

[2026-06-09 18:55:13] Found selectable white dot | route=3-5 | dot_center=(806, 535) | confidence=1.00

[2026-06-09 18:55:13] Click window point | label=level_dot_3-5 | local=(806, 535) | screen=(-1574, 719)

[2026-06-09 18:55:14] DOT SEARCH DEBUG | type=green_after_click | text_box=(823,530)-(852,545) | search_box=(771,488)-(821,587) | best_dot=(806, 536) | confidence=0.98 | threshold=0.65

[2026-06-09 18:55:14] NAV verified after click: level selected | route=3-5 | green_dot=(806, 536) | confidence=0.98

[2026-06-09 18:55:14] Route navigation completed for Route 1 | 3-5

[2026-06-09 18:55:14] Entering freeze window.

Bot state: freeze_after_switch | Boss: False | Blue chest: False | Blue log: False | Advanced route; freeze started

[2026-06-09 18:55:14] Brown chest detected, leave it | confidence=1.00 | location=(533, 745) | region=battle_bottom

[2026-06-09 18:55:19] Freeze ended. Now looking for boss warning.

Bot state: look_for_boss | Boss: False | Blue chest: False | Blue log: False | Looking for boss warning

Bot state: look_for_boss | Boss: False | Blue chest: False | Blue log: True | Looking for boss warning

[2026-06-09 18:59:07] Boss warning confirmed | region=battle_bottom | red_pixels=17401 | confidence=0.93. Blue-drop detector armed.

Bot state: look_for_blue_drop | Boss: True | Blue chest: False | Blue log: False | Boss confirmed; blue-drop detector armed

Bot state: look_for_blue_drop | Boss: False | Blue chest: False | Blue log: True | Looking for blue drop | chest_recent=False | log_recent=True

Bot state: look_for_blue_drop | Boss: False | Blue chest: False | Blue log: False | Looking for blue drop | chest_recent=False | log_recent=True

[2026-06-09 19:03:10] BLUE chest detected | confidence=0.94 | location=(502, 745) | region=battle_bottom

[2026-06-09 19:03:10] CONFIRMED BLUE DROP | reason=post_boss_blue_chest_and_log | blue_chest_recent=True | blue_log_recent=True | log_region=log_bottom | blue_pixels=200

[2026-06-09 19:03:10] Blue drop confirmed. Opening blue chest before route advance.

[2026-06-09 19:03:11] Clicking blue chest | mouse_before=(813, 700) | local=(495, 742) | screen=(-1885, 926) | blue_box=(474,726)-(530,764) | confidence=0.94

[2026-06-09 19:03:12] Blue chest click completed.

[2026-06-09 19:03:13] Advanced to Route 2 | nightmare | chapter_1 | 1-9

[2026-06-09 19:03:14] Starting route navigation | target=nightmare | chapter_1 | 1-9

[2026-06-09 19:03:14] Selecting difficulty/chapter | difficulty=nightmare | chapter=chapter_1

[2026-06-09 19:03:14] Difficulty already selected | difficulty=nightmare | anchor_confidence=1.00 | center=(809, 308)

[2026-06-09 19:03:14] Chapter visual state | target=chapter_1 | current=chapter_3 | selected_center=(816, 346) | selected_confidence=1.00

[2026-06-09 19:03:14] Chapter tab candidates | target=chapter_1 | chapter_1@(688, 345):1.00 | chapter_2@(753, 346):1.00 | chapter_2@(817, 342):0.87

[2026-06-09 19:03:14] Clicking chapter tab | chapter=chapter_1 | center=(688, 345) | confidence=1.00

[2026-06-09 19:03:14] Click window point | label=chapter_1 | local=(688, 345) | screen=(-1692, 529)

[2026-06-09 19:03:16] Chapter verified | chapter=chapter_1 | confidence=1.00 | center=(689, 346)

[2026-06-09 19:03:16] Difficulty/chapter selection completed | difficulty=nightmare | chapter=chapter_1

[2026-06-09 19:03:16] NAV found level 1-9 on current view | context=before_scroll | confidence=0.97 | threshold=0.88 | center=(792, 431) | box=(777, 424)-(808, 439)

[2026-06-09 19:03:16] DOT SEARCH DEBUG | type=green | text_box=(777,424)-(808,439) | search_box=(722,382)-(775,481) | best_dot=(758, 420) | confidence=0.25 | threshold=0.65

[2026-06-09 19:03:16] DOT SEARCH DEBUG | type=white | text_box=(777,424)-(808,439) | search_box=(722,382)-(775,481) | best_dot=(760, 429) | confidence=1.00 | threshold=0.65

[2026-06-09 19:03:16] Found selectable white dot | route=1-9 | dot_center=(760, 429) | confidence=1.00

[2026-06-09 19:03:16] Click window point | label=level_dot_1-9 | local=(760, 429) | screen=(-1620, 613)

[2026-06-09 19:03:17] DOT SEARCH DEBUG | type=green_after_click | text_box=(777,424)-(808,439) | search_box=(722,382)-(775,481) | best_dot=(760, 430) | confidence=0.98 | threshold=0.65

[2026-06-09 19:03:17] NAV verified after click: level selected | route=1-9 | green_dot=(760, 430) | confidence=0.98

[2026-06-09 19:03:17] Route navigation completed for Route 2 | 1-9

[2026-06-09 19:03:17] Entering freeze window.

Bot state: freeze_after_switch | Boss: False | Blue chest: False | Blue log: False | Advanced route; freeze started

[2026-06-09 19:03:18] Brown chest detected, leave it | confidence=1.00 | location=(533, 745) | region=battle_bottom

[2026-06-09 19:03:23] Freeze ended. Now looking for boss warning.

Bot state: look_for_boss | Boss: False | Blue chest: False | Blue log: False | Looking for boss warning

Bot state: look_for_boss | Boss: False | Blue chest: False | Blue log: True | Looking for boss warning

[2026-06-09 19:08:12] Boss warning confirmed | region=battle_bottom | red_pixels=3124 | confidence=0.92. Blue-drop detector armed.

Bot state: look_for_blue_drop | Boss: True | Blue chest: False | Blue log: False | Boss confirmed; blue-drop detector armed

Bot state: look_for_blue_drop | Boss: False | Blue chest: False | Blue log: True | Looking for blue drop | chest_recent=False | log_recent=True

Bot state: look_for_blue_drop | Boss: False | Blue chest: False | Blue log: False | Looking for blue drop | chest_recent=False | log_recent=True

Bot state: look_for_blue_drop | Boss: False | Blue chest: False | Blue log: True | Looking for blue drop | chest_recent=False | log_recent=True

[2026-06-09 19:12:20] BLUE chest detected | confidence=0.94 | location=(502, 745) | region=battle_bottom

[2026-06-09 19:12:20] CONFIRMED BLUE DROP | reason=post_boss_blue_chest_and_log | blue_chest_recent=True | blue_log_recent=True | log_region=log_bottom | blue_pixels=197

[2026-06-09 19:12:20] Blue drop confirmed. Opening blue chest before route advance.

[2026-06-09 19:12:21] Clicking blue chest | mouse_before=(1374, 59) | local=(495, 742) | screen=(-1885, 926) | blue_box=(474,726)-(530,764) | confidence=0.94

[2026-06-09 19:12:21] Window focus warning: (183, 'SetForegroundWindow', 'Cannot create a file when that file already exists.')

[2026-06-09 19:12:23] Blue chest click completed.

[2026-06-09 19:12:23] Advanced to Route 3 | normal | chapter_3 | 3-8

[2026-06-09 19:12:24] Starting route navigation | target=normal | chapter_3 | 3-8

[2026-06-09 19:12:24] Selecting difficulty/chapter | difficulty=normal | chapter=chapter_3
Saved: debug_screenshots/nav_failures/difficulty_anchor_fail_normal_1781050344.png

[2026-06-09 19:12:24] NAV FAILED: could not find current difficulty anchor | target=normal | best_anchor=normal | best_anchor_conf=0.35 | search_region=map_panel

[2026-06-09 19:12:24] NAV FAILED: difficulty selection failed | difficulty=normal

[2026-06-09 19:12:24] Route navigation FAILED during difficulty/chapter selection for Route 3

[2026-06-09 19:12:24] Entering freeze window.

Bot state: freeze_after_switch | Boss: False | Blue chest: False | Blue log: False | Advanced route; freeze started

[2026-06-09 19:12:25] Brown chest detected, leave it | confidence=1.00 | location=(533, 745) | region=battle_bottom

[2026-06-09 19:12:30] Freeze ended. Now looking for boss warning.

Bot state: look_for_boss | Boss: False | Blue chest: False | Blue log: False | Looking for boss warning

Bot state: look_for_boss | Boss: False | Blue chest: False | Blue log: True | Looking for boss warning

[2026-06-09 19:18:56] Boss warning confirmed | region=battle_bottom | red_pixels=17365 | confidence=0.96. Blue-drop detector armed.

Bot state: look_for_blue_drop | Boss: True | Blue chest: False | Blue log: False | Boss confirmed; blue-drop detector armed

Bot state: look_for_blue_drop | Boss: False | Blue chest: False | Blue log: True | Looking for blue drop | chest_recent=False | log_recent=True

Bot state: look_for_blue_drop | Boss: False | Blue chest: False | Blue log: False | Looking for blue drop | chest_recent=False | log_recent=True

Bot state: look_for_blue_drop | Boss: False | Blue chest: False | Blue log: True | Looking for blue drop | chest_recent=False | log_recent=True

[2026-06-09 19:39:07] BLUE chest detected | confidence=0.94 | location=(502, 745) | region=battle_bottom

[2026-06-09 19:39:07] CONFIRMED BLUE DROP | reason=post_boss_blue_chest_and_log | blue_chest_recent=True | blue_log_recent=True | log_region=log_bottom | blue_pixels=198

[2026-06-09 19:39:07] Blue drop confirmed. Opening blue chest before route advance.

[2026-06-09 19:39:08] Clicking blue chest | mouse_before=(1399, 164) | local=(495, 742) | screen=(-1738, 825) | blue_box=(474,726)-(530,764) | confidence=0.94

[2026-06-09 19:39:09] Blue chest click completed.

[2026-06-09 19:39:10] Advanced to Route 4 | normal | chapter_2 | 2-8

[2026-06-09 19:39:11] Starting route navigation | target=normal | chapter_2 | 2-8

[2026-06-09 19:39:11] Selecting difficulty/chapter | difficulty=normal | chapter=chapter_2

[2026-06-09 19:39:11] Opening difficulty dropdown | current_anchor=nightmare | center=(809, 308) | confidence=1.00

[2026-06-09 19:39:11] Click window point | label=difficulty_anchor_open | local=(809, 308) | screen=(-1424, 391)
Saved: debug_screenshots/nav_failures/difficulty_tab_fail_normal_1781051953.png

[2026-06-09 19:39:13] NAV FAILED: target difficulty tab not found after opening dropdown | target=normal | tab_confidence=0.44 | search_region=map_panel

[2026-06-09 19:39:13] NAV FAILED: difficulty selection failed | difficulty=normal

[2026-06-09 19:39:13] Route navigation FAILED during difficulty/chapter selection for Route 4

[2026-06-09 19:39:13] Entering freeze window.

Bot state: freeze_after_switch | Boss: False | Blue chest: False | Blue log: False | Advanced route; freeze started

[2026-06-09 19:39:13] Brown chest detected, leave it | confidence=1.00 | location=(533, 745) | region=battle_bottom

[2026-06-09 19:39:18] Freeze ended. Now looking for boss warning.

Bot state: look_for_boss | Boss: False | Blue chest: False | Blue log: False | Looking for boss warning

Bot state: look_for_boss | Boss: False | Blue chest: False | Blue log: True | Looking for boss warning

[2026-06-09 19:43:03] Boss warning confirmed | region=battle_bottom | red_pixels=17389 | confidence=0.96. Blue-drop detector armed.

Bot state: look_for_blue_drop | Boss: True | Blue chest: False | Blue log: False | Boss confirmed; blue-drop detector armed

Bot state: look_for_blue_drop | Boss: False | Blue chest: False | Blue log: True | Looking for blue drop | chest_recent=False | log_recent=True

Bot state: look_for_blue_drop | Boss: False | Blue chest: False | Blue log: False | Looking for blue drop | chest_recent=False | log_recent=True

Bot state: look_for_blue_drop | Boss: False | Blue chest: False | Blue log: True | Looking for blue drop | chest_recent=False | log_recent=True

[2026-06-09 19:59:17] BLUE chest detected | confidence=0.94 | location=(237, 745) | region=battle_bottom

[2026-06-09 19:59:17] CONFIRMED BLUE DROP | reason=post_boss_blue_chest_and_log | blue_chest_recent=True | blue_log_recent=True | log_region=log_bottom | blue_pixels=198

[2026-06-09 19:59:17] Blue drop confirmed. Opening blue chest before route advance.

[2026-06-09 19:59:18] Clicking blue chest | mouse_before=(268, 319) | local=(230, 742) | screen=(-2330, 1117) | blue_box=(209,726)-(265,764) | confidence=0.94

[2026-06-09 19:59:18] Window focus warning: (183, 'SetForegroundWindow', 'Cannot create a file when that file already exists.')

[2026-06-09 19:59:19] Blue chest click completed.

[2026-06-09 19:59:20] Advanced to Route 5 | normal | chapter_2 | 2-3

[2026-06-09 19:59:21] Starting route navigation | target=normal | chapter_2 | 2-3

[2026-06-09 19:59:21] Selecting difficulty/chapter | difficulty=normal | chapter=chapter_2

[2026-06-09 19:59:21] Opening difficulty dropdown | current_anchor=nightmare | center=(544, 308) | confidence=1.00

[2026-06-09 19:59:21] Click window point | label=difficulty_anchor_open | local=(544, 308) | screen=(-2016, 683)

[2026-06-09 19:59:22] Clicking difficulty tab | difficulty=normal | center=(542, 331) | confidence=1.00

[2026-06-09 19:59:22] Click window point | label=difficulty_tab_normal | local=(542, 331) | screen=(-2018, 706)

[2026-06-09 19:59:24] Difficulty verified | difficulty=normal | anchor_confidence=1.00 | center=(542, 308)

[2026-06-09 19:59:24] Chapter visual state | target=chapter_2 | current=chapter_3 | selected_center=(551, 346) | selected_confidence=1.00

[2026-06-09 19:59:24] Chapter tab candidates | target=chapter_2 | chapter_1@(423, 345):1.00 | chapter_2@(488, 346):1.00 | chapter_2@(552, 342):0.87

[2026-06-09 19:59:24] Clicking chapter tab | chapter=chapter_2 | center=(488, 346) | confidence=1.00

[2026-06-09 19:59:24] Click window point | label=chapter_2 | local=(488, 346) | screen=(-2072, 721)

[2026-06-09 19:59:26] Chapter verified | chapter=chapter_2 | confidence=1.00 | center=(488, 346)

[2026-06-09 19:59:26] Difficulty/chapter selection completed | difficulty=normal | chapter=chapter_2

[2026-06-09 19:59:26] NAV rejected level 2-3 by Y position | context=before_scroll | center_y=559 < expected_y_min=560 | confidence=0.94

[2026-06-09 19:59:30] Scrolled map down | scroll_point_local=(749, 465) | scroll_point_screen=(-1811, 840) | repeat=20

[2026-06-09 19:59:30] NAV rejected level 2-3 by Y position | context=down_1/4 | center_y=559 < expected_y_min=560 | confidence=0.94

[2026-06-09 19:59:34] Scrolled map down | scroll_point_local=(749, 465) | scroll_point_screen=(-1811, 840) | repeat=20

[2026-06-09 19:59:35] NAV rejected level 2-3 by Y position | context=down_2/4 | center_y=559 < expected_y_min=560 | confidence=0.94
Traceback (most recent call last):
  File "C:\Users\user\Desktop\MaaTBH\main.py", line 2283, in <module>
    "blue_chest_visible": False,
    
  File "C:\Users\user\Desktop\MaaTBH\main.py", line 2208, in main
    print(f"Preview window: {'on' if SHOW_PREVIEW else 'off'}")
                   ^^^^^^^^^^^^^^^^^^^^^^^^^^^^^^^^^^^^^^^^^^^^
    ...<6 lines>...
    blue_template = load_template("templates/general/chest_blue.png")
    ^^^^^
  File "C:\Users\user\Desktop\MaaTBH\main.py", line 722, in handle_bot_state
        and blue_log_recent
               ^^^^^^^^^^^^
    ...<6 lines>...
            f"blue_log_recent={blue_log_recent} | "
    
  File "C:\Users\user\Desktop\MaaTBH\main.py", line 580, in handle_confirmed_blue_drop
    else:
  File "C:\Users\user\Desktop\MaaTBH\main.py", line 1953, in advance_route
  File "C:\Users\user\Desktop\MaaTBH\main.py", line 1915, in navigate_to_current_route_if_enabled
    write_log(f"Route navigation FAILED during difficulty/chapter selection for {route['name']}")
          ^^^^^^^^^^^^^^^^^^^^^^^^^^^^^^^^^^^^^^^^^^^^^^^^^^
  File "C:\Users\user\Desktop\MaaTBH\main.py", line 2101, in find_and_click_level_by_template
        if detected:
    
    ...<3 lines>...
        best_result["detected"],
        ^^^^^
  File "C:\Users\user\Desktop\MaaTBH\main.py", line 1098, in scroll_map
    except Exception as e:
  File "C:\Users\user\AppData\Roaming\Python\Python313\site-packages\pyautogui\__init__.py", line 594, in wrapper
    returnVal = wrappedFunction(*args, **kwargs)
  File "C:\Users\user\AppData\Roaming\Python\Python313\site-packages\pyautogui\__init__.py", line 1288, in moveTo
    _mouseMoveDrag("move", x, y, 0, 0, duration, tween)
    ~~~~~~~~~~~~~~^^^^^^^^^^^^^^^^^^^^^^^^^^^^^^^^^^^^^
  File "C:\Users\user\AppData\Roaming\Python\Python313\site-packages\pyautogui\__init__.py", line 1504, in _mouseMoveDrag
    failSafeCheck()
    ~~~~~~~~~~~~~^^
  File "C:\Users\user\AppData\Roaming\Python\Python313\site-packages\pyautogui\__init__.py", line 1734, in failSafeCheck
    raise FailSafeException(
        "PyAutoGUI fail-safe triggered from mouse moving to a corner of the screen. To disable this fail-safe, set pyautogui.FAILSAFE to False. DISABLING FAIL-SAFE IS NOT RECOMMENDED."
    )
pyautogui.FailSafeException: PyAutoGUI fail-safe triggered from mouse moving to a corner of the screen. To disable this fail-safe, set pyautogui.FAILSAFE to False. DISABLING FAIL-SAFE IS NOT RECOMMENDED.
